// Vitest Snapshot v1, https://vitest.dev/guide/snapshot.html

exports[`App.tsx > should mounted without errors 1`] = `
<body>
  <div>
    <div>
      hello, world
    </div>
  </div>
</body>
`;
